d:\cmakeprogram\monsterwar\build\monsterwar-windows.dir\debug\vc143.pdb
d:\cmakeprogram\monsterwar\build\monsterwar-windows.dir\debug\text_renderer.obj
d:\cmakeprogram\monsterwar\build\monsterwar-windows.dir\debug\renderer.obj
d:\cmakeprogram\monsterwar\build\monsterwar-windows.dir\debug\camera.obj
d:\cmakeprogram\monsterwar\build\monsterwar-windows.dir\debug\animation.obj
d:\cmakeprogram\monsterwar\build\monsterwar-windows.dir\debug\game_object.obj
d:\cmakeprogram\monsterwar\build\monsterwar-windows.dir\debug\input_manager.obj
d:\cmakeprogram\monsterwar\build\monsterwar-windows.dir\debug\time.obj
d:\cmakeprogram\monsterwar\build\monsterwar-windows.dir\debug\game_state.obj
d:\cmakeprogram\monsterwar\build\monsterwar-windows.dir\debug\config.obj
d:\cmakeprogram\monsterwar\build\monsterwar-windows.dir\debug\audio_player.obj
d:\cmakeprogram\monsterwar\build\monsterwar-windows.dir\debug\main.obj
d:\cmakeprogram\monsterwar\build\monsterwar-windows.dir\debug\imgui_tables.obj
d:\cmakeprogram\monsterwar\build\monsterwar-windows.dir\debug\imgui_draw.obj
d:\cmakeprogram\monsterwar\build\monsterwar-windows.dir\debug\imgui.obj
d:\cmakeprogram\monsterwar\build\monsterwar-windows.dir\debug\game_scene.obj
d:\cmakeprogram\monsterwar\build\monsterwar-windows.dir\debug\scene_manager.obj
d:\cmakeprogram\monsterwar\build\monsterwar-windows.dir\debug\ui_panel.obj
d:\cmakeprogram\monsterwar\build\monsterwar-windows.dir\debug\ui_manager.obj
d:\cmakeprogram\monsterwar\build\monsterwar-windows.dir\debug\ui_label.obj
d:\cmakeprogram\monsterwar\build\monsterwar-windows.dir\debug\ui_interactive.obj
d:\cmakeprogram\monsterwar\build\monsterwar-windows.dir\debug\ui_image.obj
d:\cmakeprogram\monsterwar\build\monsterwar-windows.dir\debug\ui_element.obj
d:\cmakeprogram\monsterwar\build\monsterwar-windows.dir\debug\ui_button.obj
d:\cmakeprogram\monsterwar\build\monsterwar-windows.dir\debug\ui_pressed_state.obj
d:\cmakeprogram\monsterwar\build\monsterwar-windows.dir\debug\ui_normal_state.obj
d:\cmakeprogram\monsterwar\build\monsterwar-windows.dir\debug\ui_hover_state.obj
d:\cmakeprogram\monsterwar\build\monsterwar-windows.dir\debug\font_manager.obj
d:\cmakeprogram\monsterwar\build\monsterwar-windows.dir\debug\audio_manager.obj
d:\cmakeprogram\monsterwar\build\monsterwar-windows.dir\debug\texture_manager.obj
d:\cmakeprogram\monsterwar\build\monsterwar-windows.dir\debug\resource_manager.obj
d:\cmakeprogram\monsterwar\build\monsterwar-windows.dir\debug\imgui_impl_sdlrenderer3.obj
d:\cmakeprogram\monsterwar\build\monsterwar-windows.dir\debug\imgui_impl_sdl3.obj
d:\cmakeprogram\monsterwar\build\monsterwar-windows.dir\debug\imgui_demo.obj
d:\cmakeprogram\monsterwar\build\monsterwar-windows.dir\debug\imgui_widgets.obj
d:\cmakeprogram\monsterwar\build\monsterwar-windows.dir\debug\scene.obj
d:\cmakeprogram\monsterwar\build\monsterwar-windows.dir\debug\game_app.obj
d:\cmakeprogram\monsterwar\build\monsterwar-windows.dir\debug\context.obj
d:\cmakeprogram\monsterwar\build\cmakefiles\generate.stamp
d:\cmakeprogram\monsterwar\monsterwar-windows.exe
d:\cmakeprogram\monsterwar\monsterwar-windows.pdb
d:\cmakeprogram\monsterwar\build\monsterwar-windows.dir\debug\monsterwar-windows.ilk
d:\cmakeprogram\monsterwar\build\monsterwar-windows.dir\debug\animation_component.obj
d:\cmakeprogram\monsterwar\build\monsterwar-windows.dir\debug\audio_component.obj
d:\cmakeprogram\monsterwar\build\monsterwar-windows.dir\debug\health_component.obj
d:\cmakeprogram\monsterwar\build\monsterwar-windows.dir\debug\parallax_component.obj
d:\cmakeprogram\monsterwar\build\monsterwar-windows.dir\debug\sprite_component.obj
d:\cmakeprogram\monsterwar\build\monsterwar-windows.dir\debug\tilelayer_component.obj
d:\cmakeprogram\monsterwar\build\monsterwar-windows.dir\debug\transform_component.obj
d:\cmakeprogram\monsterwar\build\monsterwar-windows.dir\debug\monsterw.5448fe6c.tlog\cl.command.1.tlog
d:\cmakeprogram\monsterwar\build\monsterwar-windows.dir\debug\monsterw.5448fe6c.tlog\cl.items.tlog
d:\cmakeprogram\monsterwar\build\monsterwar-windows.dir\debug\monsterw.5448fe6c.tlog\cl.read.1.tlog
d:\cmakeprogram\monsterwar\build\monsterwar-windows.dir\debug\monsterw.5448fe6c.tlog\cl.write.1.tlog
d:\cmakeprogram\monsterwar\build\monsterwar-windows.dir\debug\monsterw.5448fe6c.tlog\custombuild.command.1.tlog
d:\cmakeprogram\monsterwar\build\monsterwar-windows.dir\debug\monsterw.5448fe6c.tlog\custombuild.read.1.tlog
d:\cmakeprogram\monsterwar\build\monsterwar-windows.dir\debug\monsterw.5448fe6c.tlog\custombuild.write.1.tlog
d:\cmakeprogram\monsterwar\build\monsterwar-windows.dir\debug\monsterw.5448fe6c.tlog\link.command.1.tlog
d:\cmakeprogram\monsterwar\build\monsterwar-windows.dir\debug\monsterw.5448fe6c.tlog\link.read.1.tlog
d:\cmakeprogram\monsterwar\build\monsterwar-windows.dir\debug\monsterw.5448fe6c.tlog\link.secondary.1.tlog
d:\cmakeprogram\monsterwar\build\monsterwar-windows.dir\debug\monsterw.5448fe6c.tlog\link.write.1.tlog
